                :-) GROMACS - gmx mdrun, 2026.0-conda_forge (-:

Copyright 1991-2026 The GROMACS Authors.
GROMACS is free software; you can redistribute it and/or modify it
under the terms of the GNU Lesser General Public License
as published by the Free Software Foundation; either version 2.1
of the License, or (at your option) any later version.

                         Current GROMACS contributors:
       Mark Abraham           Andrey Alekseenko           Brian Andrews       
        Paul Bauer              Cathrine Bergh              Hugh Bird         
      Eliane Briand               Ania Brown                Yiqi Chen         
      Mahesh Doijade            Giacomo Fiorin          Stefan Fleischmann    
      Sergey Gorelov         Gilles Gouaillardet            Alan Gray         
   Farzaneh Jalalypour         Petter Johansson          Carsten Kutzner      
    Grzegorz Łazarski         Justin A. Lemkul          Magnus Lundborg      
        Julio Maia               Pascal Merz             Vedran Miletić      
      Dmitry Morozov           Lukas Müllender           Szilárd Páll      
 Andrea Pasquadibisceglie     Michele Pellegrino         Nicola Piasentin     
     Daniele Rapetti         Muhammad Umair Sadiq         Hubert Santuz       
      Michael Shirts           Tatiana Shugaeva          Alexey Shvetsov      
     Bálint Soproni            Philip Turner            Alessandra Villa     
        Yang Zhang        

                         Previous GROMACS contributors:
        Emile Apol             Rossen Apostolov           James Barnett       
      Vladimir Basov        Herman J.C. Berendsen          Par Bjelkmar       
      Christian Blau          Viacheslav Bolnykh            Kevin Boyd        
    Aldert van Buuren          Carlo Camilloni           Rudi van Drunen      
      Anton Feenstra           Oliver Fleetwood            Vytas Gapsys       
       Gaurav Garg             Gerrit Groenhof            Bert de Groot       
      Anca Hamuraru           Vincent Hindriksen          Victor Holanda      
     M. Eric Irrgang           Aleksei Iupinov              Joe Jordan        
    Christoph Junghans        Prashanth Kanduri        Dimitrios Karkoulis    
       Peter Kasson             Sebastian Kehl           Sebastian Keller     
        Jiri Kraus               Per Larsson              Viveca Lindahl      
      Erik Marklund           Pieter Meulenhoff           Teemu Murtola       
       Julien Nabet              Sander Pronk             Roland Schulz       
      Alfons Sijbers         David van der Spoel          Peter Tieleman      
      Carsten Uphoff             Jon Vincent             Teemu Virolainen     
    Christian Wennberg     Sebastian Wingbermühle         Maarten Wolf       
      Artem Zhmurov       

                  Coordinated by the GROMACS project leaders:
                           Berk Hess and Erik Lindahl

GROMACS:      gmx mdrun, version 2026.0-conda_forge
Executable:   /opt/conda/envs/bioinformatics/bin.AVX2_256/gmx
Data prefix:  /opt/conda/envs/bioinformatics
Working dir:  /home/xze439/HW2/assignment2 kopie/part4
Process ID:   1439327
Command line:
  gmx mdrun -deffnm equilibration -v -nt 1

GROMACS version:     2026.0-conda_forge
Precision:           mixed
Memory model:        64 bit
MPI library:         thread_mpi
MPI version:         built in
OpenMP support:      enabled (GMX_OPENMP_MAX_THREADS = 128)
GPU support:         OpenCL
NBNxM GPU setup:     super-cluster 2x2x2 / cluster 8 (cluster-pair splitting on)
SIMD instructions:   AVX2_256
CPU FFT library:     fftw-3.3.10-sse2-avx
GPU FFT library:     clFFT
Multi-GPU FFT:       none
RDTSCP:              disabled
TNG support:         enabled
Hwloc support:       disabled
Tracing support:     disabled
Colvars support:     enabled (version 2025-10-13)
CP2K support:        disabled
Torch support:       disabled
Plumed support:      enabled
C compiler:          /home/conda/feedstock_root/build_artifacts/gromacs_1770909732141/_build_env/bin/x86_64-conda-linux-gnu-cc GNU 14.3.0
C compiler flags:    -fexcess-precision=fast -funroll-all-loops -mavx2 -mfma -Wno-missing-field-initializers -O3 -DNDEBUG
C++ compiler:        /home/conda/feedstock_root/build_artifacts/gromacs_1770909732141/_build_env/bin/x86_64-conda-linux-gnu-c++ GNU 14.3.0
C++ compiler flags:  -fexcess-precision=fast -funroll-all-loops -mavx2 -mfma -Wno-missing-field-initializers -Wno-stringop-truncation -Wno-cast-function-type-strict SHELL:-fopenmp -O3 -DNDEBUG
BLAS library:        Internal
LAPACK library:      Internal
OpenCL include dir:  /opt/conda/envs/bioinformatics/include
OpenCL library:      /opt/conda/envs/bioinformatics/lib/libOpenCL.so
OpenCL version:      3.0


Running on 1 node with total 64 cores, 128 processing units (GPU detection deactivated)
Hardware detected on host pcoms008a.vu.nl:
  CPU info:
    Vendor: AMD
    Brand:  AMD EPYC 9375F 32-Core Processor               
    Family: 26   Model: 2   Stepping: 1
    Features: aes amd apic avx avx2 avx512f avx512cd avx512bw avx512vl avx512bf16 avx512secondFMA clfsh cmov cx8 cx16 f16c fma htt lahf misalignsse mmx msr nonstop_tsc pcid pclmuldq pdpe1gb popcnt pse rdrnd rdtscp sha sse2 sse3 sse4a sse4.1 sse4.2 ssse3
  Hardware topology: Basic
    Packages, cores, and logical processors:
    [indices refer to OS logical processors]
      Package  0: [   0  64] [   1  65] [   2  66] [   3  67] [   4  68] [   5  69] [   6  70] [   7  71] [   8  72] [   9  73] [  10  74] [  11  75] [  12  76] [  13  77] [  14  78] [  15  79] [  16  80] [  17  81] [  18  82] [  19  83] [  20  84] [  21  85] [  22  86] [  23  87] [  24  88] [  25  89] [  26  90] [  27  91] [  28  92] [  29  93] [  30  94] [  31  95] [  32  96] [  33  97] [  34  98] [  35  99] [  36 100] [  37 101] [  38 102] [  39 103] [  40 104] [  41 105] [  42 106] [  43 107] [  44 108] [  45 109] [  46 110] [  47 111] [  48 112] [  49 113] [  50 114] [  51 115] [  52 116] [  53 117] [  54 118] [  55 119] [  56 120] [  57 121] [  58 122] [  59 123] [  60 124] [  61 125] [  62 126] [  63 127]
    CPU limit set by OS: -1   Recommended max number of threads: 128

Likely fastest SIMD instructions supported by all nodes: AVX_512
SIMD instructions selected at compile time:              AVX2_256
On non-Intel hardware supporting AVX-512, you might gain a few percent
performance by recompiling to use it, at least for CPU-only runs.

The current CPU can measure timings more accurately than the code in
gmx mdrun was configured to use. This might affect your simulation
speed as accurate timings are needed for load-balancing.
Please consider rebuilding gmx mdrun with the GMX_USE_RDTSCP=ON CMake option.

++++ PLEASE READ AND CITE THE FOLLOWING REFERENCE ++++
M. J. Abraham, T. Murtola, R. Schulz, S. Páll, J. C. Smith, B. Hess, E.
Lindahl
GROMACS: High performance molecular simulations through multi-level
parallelism from laptops to supercomputers
SoftwareX (2015)
https://doi.org/10.1016/j.softx.2015.06.001
-------- -------- --- Thank You --- -------- --------


++++ PLEASE READ AND CITE THE FOLLOWING REFERENCE ++++
S. Páll, M. J. Abraham, C. Kutzner, B. Hess, E. Lindahl
Tackling Exascale Software Challenges in Molecular Dynamics Simulations with
GROMACS
In S. Markidis & E. Laure (Eds.), Solving Software Challenges for Exascale (2015)
https://doi.org/10.1007/978-3-319-15976-8_1
-------- -------- --- Thank You --- -------- --------


++++ PLEASE READ AND CITE THE FOLLOWING REFERENCE ++++
S. Pronk, S. Páll, R. Schulz, P. Larsson, P. Bjelkmar, R. Apostolov, M. R.
Shirts, J. C. Smith, P. M. Kasson, D. van der Spoel, B. Hess, E. Lindahl
GROMACS 4.5: a high-throughput and highly parallel open source molecular
simulation toolkit
Bioinformatics (2013)
https://doi.org/10.1093/bioinformatics/btt055
-------- -------- --- Thank You --- -------- --------


++++ PLEASE READ AND CITE THE FOLLOWING REFERENCE ++++
B. Hess, C. Kutzner, D. van der Spoel, E. Lindahl
GROMACS 4: Algorithms for highly efficient, load-balanced, and scalable
molecular simulation
J. Chem. Theory Comput. (2008)
https://doi.org/10.1021/ct700301q
-------- -------- --- Thank You --- -------- --------


++++ PLEASE READ AND CITE THE FOLLOWING REFERENCE ++++
D. van der Spoel, E. Lindahl, B. Hess, G. Groenhof, A. E. Mark, H. J. C.
Berendsen
GROMACS: Fast, Flexible and Free
J. Comp. Chem. (2005)
https://doi.org/10.1002/jcc.20291
-------- -------- --- Thank You --- -------- --------


++++ PLEASE READ AND CITE THE FOLLOWING REFERENCE ++++
E. Lindahl, B. Hess, D. van der Spoel
GROMACS 3.0: A package for molecular simulation and trajectory analysis
J. Mol. Mod. (2001)
https://doi.org/10.1007/s008940100045
-------- -------- --- Thank You --- -------- --------


++++ PLEASE READ AND CITE THE FOLLOWING REFERENCE ++++
H. J. C. Berendsen, D. van der Spoel and R. van Drunen
GROMACS: A message-passing parallel molecular dynamics implementation
Comp. Phys. Comm. (1995)
https://doi.org/10.1016/0010-4655(95)00042-E
-------- -------- --- Thank You --- -------- --------

Input Parameters:
   integrator                     = md
   tinit                          = 0
   dt                             = 0.01
   nsteps                         = 10000
   init-step                      = 0
   simulation-part                = 1
   mts                            = false
   mass-repartition-factor        = 1
   comm-mode                      = Linear
   nstcomm                        = 100
   bd-fric                        = 0
   ld-seed                        = -85005655
   emtol                          = 10
   emstep                         = 0.01
   niter                          = 20
   fcstep                         = 0
   nstcgsteep                     = 1000
   nbfgscorr                      = 10
   rtpi                           = 0.05
   nstxout                        = 0
   nstvout                        = 0
   nstfout                        = 0
   nstlog                         = 1000
   nstcalcenergy                  = 100
   nstenergy                      = 100
   nstxout-compressed             = 1000
   compressed-x-precision         = 100
   cutoff-scheme                  = Verlet
   nstlist                        = 20
   pbc                            = xyz
   periodic-molecules             = false
   verlet-buffer-tolerance        = 0.005
   verlet-buffer-pressure-tolerance = 0.5
   rlist                          = 1.167
   coulombtype                    = Reaction-Field
   coulomb-modifier               = Potential-shift
   rcoulomb-switch                = 0
   rcoulomb                       = 1.1
   epsilon-r                      = 15
   epsilon-rf                     = inf
   vdw-type                       = Cut-off
   vdw-modifier                   = Potential-shift
   rvdw-switch                    = 0
   rvdw                           = 1.1
   DispCorr                       = No
   table-extension                = 1
   fourierspacing                 = 0.12
   fourier-nx                     = 0
   fourier-ny                     = 0
   fourier-nz                     = 0
   pme-order                      = 4
   ewald-rtol                     = 1e-05
   ewald-rtol-lj                  = 0.001
   lj-pme-comb-rule               = Geometric
   ewald-geometry                 = 3d
   epsilon-surface                = 0
   ensemble-temperature-setting   = constant
   ensemble-temperature           = 300
   tcoupl                         = V-rescale
   nsttcouple                     = 20
   nh-chain-length                = 0
   print-nose-hoover-chain-variables = false
   pcoupl                         = Berendsen
   pcoupltype                     = Isotropic
   nstpcouple                     = 25
   tau-p                          = 12
   compressibility (3x3):
      compressibility[    0]={ 3.00000e-04,  0.00000e+00,  0.00000e+00}
      compressibility[    1]={ 0.00000e+00,  3.00000e-04,  0.00000e+00}
      compressibility[    2]={ 0.00000e+00,  0.00000e+00,  3.00000e-04}
   ref-p (3x3):
      ref-p[    0]={ 1.00000e+00,  0.00000e+00,  0.00000e+00}
      ref-p[    1]={ 0.00000e+00,  1.00000e+00,  0.00000e+00}
      ref-p[    2]={ 0.00000e+00,  0.00000e+00,  1.00000e+00}
   refcoord-scaling               = COM
   posres-com (1x3):
      posres-com[    0]={ 5.17080e-01,  5.70728e-01,  2.22788e-01}
   posres-comB (1x3):
      posres-comB[    0]={ 5.17080e-01,  5.70728e-01,  2.22788e-01}
   QMMM                           = false
qm-opts:
   ngQM                           = 0
   constraint-algorithm           = Lincs
   continuation                   = false
   Shake-SOR                      = false
   shake-tol                      = 0.0001
   lincs-order                    = 4
   lincs-iter                     = 1
   lincs-warnangle                = 30
   nwall                          = 0
   wall-type                      = 9-3
   wall-r-linpot                  = -1
   wall-atomtype[0]               = -1
   wall-atomtype[1]               = -1
   wall-density[0]                = 0
   wall-density[1]                = 0
   wall-ewald-zfac                = 3
   pull                           = false
   awh                            = false
   rotation                       = false
   interactiveMD                  = false
   disre                          = No
   disre-weighting                = Conservative
   disre-mixed                    = false
   dr-fc                          = 1000
   dr-tau                         = 0
   nstdisreout                    = 100
   orire-fc                       = 0
   orire-tau                      = 0
   nstorireout                    = 100
   free-energy                    = no
   cos-acceleration               = 0
   deform (3x3):
      deform[    0]={ 0.00000e+00,  0.00000e+00,  0.00000e+00}
      deform[    1]={ 0.00000e+00,  0.00000e+00,  0.00000e+00}
      deform[    2]={ 0.00000e+00,  0.00000e+00,  0.00000e+00}
   simulated-tempering            = false
   swapcoords                     = no
   userint1                       = 0
   userint2                       = 0
   userint3                       = 0
   userint4                       = 0
   userreal1                      = 0
   userreal2                      = 0
   userreal3                      = 0
   userreal4                      = 0
   applied-forces:
     electric-field:
       x:
         E0                       = 0
         omega                    = 0
         t0                       = 0
         sigma                    = 0
       y:
         E0                       = 0
         omega                    = 0
         t0                       = 0
         sigma                    = 0
       z:
         E0                       = 0
         omega                    = 0
         t0                       = 0
         sigma                    = 0
     density-guided-simulation:
       active                     = false
       group                      = protein
       similarity-measure         = inner-product
       atom-spreading-weight      = unity
       force-constant             = 1e+09
       gaussian-transform-spreading-width = 0.2
       gaussian-transform-spreading-range-in-multiples-of-width = 4
       reference-density-filename = reference.mrc
       nst                        = 1
       normalize-densities        = true
       adaptive-force-scaling     = false
       adaptive-force-scaling-time-constant = 4
       shift-vector               = 
       transformation-matrix      = 
     qmmm-cp2k:
       active                     = false
       qmgroup                    = System
       qmmethod                   = PBE
       qmfilenames                = 
       qmcharge                   = 0
       qmmultiplicity             = 1
     colvars:
       active                     = false
       configfile                 = 
       seed                       = -1
     nnpot:
       active                     = false
       modelfile                  = model.pt
       input-group                = System
       link-type                  = H
       link-distance              = 0.1
       pair-cutoff                = 0
       embedding                  = mechanical
       nnp-charge                 = 0
       model-input1               = 
       model-input2               = 
       model-input3               = 
       model-input4               = 
       model-input5               = 
       model-input6               = 
       model-input7               = 
       model-input8               = 
       model-input9               = 
   fast-multipole-method:
     fmm:
       backend                    = inactive
       exafmm-order               = 6
       exafmm-direct-range        = 2
       exafmm-direct-provider     = GROMACS
       exafmm-tree-type           = uniform
       exafmm-tree-depth          = 0
       exafmm-max-particles-per-cell = 0
       fmsolvr-order              = 8
       fmsolvr-direct-range       = 1
       fmsolvr-direct-provider    = FMM
       fmsolvr-dipole-compensation = true
       fmsolvr-tree-depth         = 3
       fmsolvr-sparse             = false
grpopts:
   nrdf:       21705
   ref-t:         300
   tau-t:           1
annealing:          No
annealing-npoints:           0
   acc:	           0           0           0
   nfreeze:           N           N           N
   energygrp-flags[  0]: 0


Changing rlist from 1.167 to 1.166 for non-bonded 4x4 atom kernels

Changing nstlist from 20 to 40, rlist from 1.166 to 1.295


Update groups can not be used for this system because atoms that are (in)directly constrained together are interdispersed with other atoms

Local state does not use filler particles

Using 1 MPI thread
Using 1 OpenMP thread 

System total charge: 0.000
Reaction-Field:
epsRF = 0, rc = 1.1, krf = 0.375657, crf = 1.36364, epsfac = 9.26236
The electrostatics potential has its minimum at r = 1.1
Potential shift: LJ r^-12: -3.186e-01 r^-6: -5.645e-01


Using SIMD4xM 4x8 nonbonded short-range kernels

Using a dual 4x8 pair-list setup updated with dynamic pruning:
  outer list: updated every 40 steps, buffer 0.195 nm, rlist 1.295 nm
  inner list: updated every  5 steps, buffer 0.012 nm, rlist 1.112 nm
At tolerance 0.005 kJ/mol/ps per atom, equivalent classical 1x1 list would be:
  outer list: updated every 40 steps, buffer 0.240 nm, rlist 1.340 nm
  inner list: updated every  5 steps, buffer 0.032 nm, rlist 1.132 nm

The average pressure is off by at most 0.49 bar due to missing LJ interactions

Using full Lennard-Jones parameter combination matrix
Removing pbc first time

NOTE: Thread affinity was not set.

Initializing LINear Constraint Solver

++++ PLEASE READ AND CITE THE FOLLOWING REFERENCE ++++
B. Hess
P-LINCS: A Parallel Linear Constraint Solver for molecular simulation
J. Chem. Theory Comput. (2008)
https://doi.org/10.1021/ct700200b
-------- -------- --- Thank You --- -------- --------

The number of constraints is 252
83 constraints are involved in constraint triangles,
will apply an additional matrix expansion of order 4 for couplings
between constraints inside triangles

++++ PLEASE READ AND CITE THE FOLLOWING REFERENCE ++++
G. Bussi, D. Donadio, M. Parrinello
Canonical sampling through velocity rescaling
J. Chem. Phys. (2007)
https://doi.org/10.1063/1.2408420
-------- -------- --- Thank You --- -------- --------

There are: 7320 Atoms
There are: 1 VSites

Constraining the starting coordinates (step 0)

Constraining the coordinates at t0-dt (step 0)
Center of mass motion removal mode is Linear
We have the following groups for center of mass motion removal:
  0:  rest
RMS relative constraint deviation after constraining: 2.54e-06
Initial temperature: 300.276 K

Started mdrun on rank 0 Sat Mar  7 16:55:58 2026

           Step           Time
              0        0.00000

   Energies (kJ/mol)
           Bond       G96Angle  Restr. Angles    Proper Dih.  Improper Dih.
    8.45497e+01    2.37711e+02    1.12850e+02    2.79971e+01    1.94978e+00
        LJ (SR)   Coulomb (SR) Position Rest.      Potential    Kinetic En.
   -1.91496e+05   -4.12942e+02    4.65069e+01   -1.91398e+05    2.70935e+04
   Total Energy  Conserved En.    Temperature Pressure (bar)   Constr. rmsd
   -1.64304e+05   -1.63344e+05    3.00262e+02   -1.50792e+03    1.50647e-06

           Step           Time
           1000       10.00000

   Energies (kJ/mol)
           Bond       G96Angle  Restr. Angles    Proper Dih.  Improper Dih.
    4.63791e+02    4.14538e+02    1.41632e+02    7.37205e+01    1.46629e+00
        LJ (SR)   Coulomb (SR) Position Rest.      Potential    Kinetic En.
   -1.76013e+05   -4.05678e+02    1.84391e+02   -1.75139e+05    2.71231e+04
   Total Energy  Conserved En.    Temperature Pressure (bar)   Constr. rmsd
   -1.48016e+05   -1.64102e+05    3.00591e+02   -8.18422e+01    1.44024e-06

           Step           Time
           2000       20.00000

   Energies (kJ/mol)
           Bond       G96Angle  Restr. Angles    Proper Dih.  Improper Dih.
    5.17450e+02    4.03937e+02    1.41306e+02    7.05074e+01    8.50235e+00
        LJ (SR)   Coulomb (SR) Position Rest.      Potential    Kinetic En.
   -1.77090e+05   -4.13110e+02    1.68020e+02   -1.76194e+05    2.74126e+04
   Total Energy  Conserved En.    Temperature Pressure (bar)   Constr. rmsd
   -1.48781e+05   -1.64139e+05    3.03798e+02   -2.79185e+00    1.36672e-06

           Step           Time
           3000       30.00000

   Energies (kJ/mol)
           Bond       G96Angle  Restr. Angles    Proper Dih.  Improper Dih.
    4.93179e+02    4.52808e+02    1.10464e+02    9.86325e+01    1.85744e+01
        LJ (SR)   Coulomb (SR) Position Rest.      Potential    Kinetic En.
   -1.77269e+05   -4.22192e+02    1.73073e+02   -1.76344e+05    2.71526e+04
   Total Energy  Conserved En.    Temperature Pressure (bar)   Constr. rmsd
   -1.49191e+05   -1.64161e+05    3.00917e+02   -1.63127e+01    2.04694e-06

           Step           Time
           4000       40.00000

   Energies (kJ/mol)
           Bond       G96Angle  Restr. Angles    Proper Dih.  Improper Dih.
    5.37229e+02    4.00677e+02    1.43936e+02    1.02363e+02    1.46191e+01
        LJ (SR)   Coulomb (SR) Position Rest.      Potential    Kinetic En.
   -1.77699e+05   -4.06462e+02    2.01282e+02   -1.76705e+05    2.72679e+04
   Total Energy  Conserved En.    Temperature Pressure (bar)   Constr. rmsd
   -1.49437e+05   -1.64183e+05    3.02196e+02   -2.70234e+01    1.66264e-06

           Step           Time
           5000       50.00000

   Energies (kJ/mol)
           Bond       G96Angle  Restr. Angles    Proper Dih.  Improper Dih.
    5.19301e+02    4.18041e+02    1.26871e+02    9.94502e+01    2.41646e+01
        LJ (SR)   Coulomb (SR) Position Rest.      Potential    Kinetic En.
   -1.76797e+05   -4.38651e+02    2.00450e+02   -1.75847e+05    2.74172e+04
   Total Energy  Conserved En.    Temperature Pressure (bar)   Constr. rmsd
   -1.48430e+05   -1.64211e+05    3.03850e+02    1.27517e+01    2.14336e-06

           Step           Time
           6000       60.00000

   Energies (kJ/mol)
           Bond       G96Angle  Restr. Angles    Proper Dih.  Improper Dih.
    4.72927e+02    3.94746e+02    1.54355e+02    7.42132e+01    9.89654e+00
        LJ (SR)   Coulomb (SR) Position Rest.      Potential    Kinetic En.
   -1.76656e+05   -4.36390e+02    1.61113e+02   -1.75825e+05    2.74355e+04
   Total Energy  Conserved En.    Temperature Pressure (bar)   Constr. rmsd
   -1.48390e+05   -1.64235e+05    3.04052e+02    1.15504e+01    1.87858e-06

           Step           Time
           7000       70.00000

   Energies (kJ/mol)
           Bond       G96Angle  Restr. Angles    Proper Dih.  Improper Dih.
    4.99095e+02    4.09921e+02    1.45631e+02    9.28122e+01    7.32088e+00
        LJ (SR)   Coulomb (SR) Position Rest.      Potential    Kinetic En.
   -1.77411e+05   -4.32245e+02    2.18132e+02   -1.76471e+05    2.70203e+04
   Total Energy  Conserved En.    Temperature Pressure (bar)   Constr. rmsd
   -1.49450e+05   -1.64256e+05    2.99452e+02   -8.60710e+00    2.16975e-06

           Step           Time
           8000       80.00000

   Energies (kJ/mol)
           Bond       G96Angle  Restr. Angles    Proper Dih.  Improper Dih.
    5.23472e+02    4.50121e+02    1.58229e+02    6.01064e+01    9.99472e+00
        LJ (SR)   Coulomb (SR) Position Rest.      Potential    Kinetic En.
   -1.77317e+05   -4.44832e+02    1.72663e+02   -1.76387e+05    2.67916e+04
   Total Energy  Conserved En.    Temperature Pressure (bar)   Constr. rmsd
   -1.49596e+05   -1.64284e+05    2.96917e+02    2.03124e+01    1.70735e-06

           Step           Time
           9000       90.00000

   Energies (kJ/mol)
           Bond       G96Angle  Restr. Angles    Proper Dih.  Improper Dih.
    4.74176e+02    3.95130e+02    1.60046e+02    6.90957e+01    1.69960e+01
        LJ (SR)   Coulomb (SR) Position Rest.      Potential    Kinetic En.
   -1.77942e+05   -4.33024e+02    1.94906e+02   -1.77064e+05    2.68262e+04
   Total Energy  Conserved En.    Temperature Pressure (bar)   Constr. rmsd
   -1.50238e+05   -1.64311e+05    2.97300e+02    1.32739e+01    1.70298e-06

           Step           Time
          10000      100.00000

Writing checkpoint, step 10000 at Sat Mar  7 16:56:03 2026


   Energies (kJ/mol)
           Bond       G96Angle  Restr. Angles    Proper Dih.  Improper Dih.
    5.13733e+02    4.11346e+02    1.28447e+02    6.29464e+01    1.22325e+01
        LJ (SR)   Coulomb (SR) Position Rest.      Potential    Kinetic En.
   -1.77820e+05   -4.44014e+02    1.97338e+02   -1.76938e+05    2.69641e+04
   Total Energy  Conserved En.    Temperature Pressure (bar)   Constr. rmsd
   -1.49974e+05   -1.64331e+05    2.98829e+02   -2.73097e+01    1.82629e-06


Energy conservation over simulation part #1 of length 100 ps, time 0 to 100 ps
  Conserved energy drift: -1.35e-03 kJ/mol/ps per atom


	<======  ###############  ==>
	<====  A V E R A G E S  ====>
	<==  ###############  ======>

	Statistics over 10001 steps using 101 frames

   Energies (kJ/mol)
           Bond       G96Angle  Restr. Angles    Proper Dih.  Improper Dih.
    5.04747e+02    4.19068e+02    1.44707e+02    8.57233e+01    1.25902e+01
        LJ (SR)   Coulomb (SR) Position Rest.      Potential    Kinetic En.
   -1.77234e+05   -4.28049e+02    1.92085e+02   -1.76304e+05    2.69238e+04
   Total Energy  Conserved En.    Temperature Pressure (bar)   Constr. rmsd
   -1.49380e+05   -1.64199e+05    2.98382e+02   -4.07019e+01    0.00000e+00

          Box-X          Box-Y          Box-Z
    7.84403e+00    6.83683e+00    1.59338e+01

   Total Virial (kJ/mol)
    1.00118e+04    6.85338e+01    6.61138e+01
    6.85357e+01    1.02084e+04    2.78969e+01
    6.61127e+01    2.78968e+01    1.00035e+04

   Pressure (bar)
   -3.89457e+01   -3.04047e+00   -2.44323e+00
   -3.04055e+00   -4.55392e+01   -1.61292e+00
   -2.44319e+00   -1.61292e+00   -3.76207e+01


	M E G A - F L O P S   A C C O U N T I N G

 NB=Group-cutoff nonbonded kernels    NxN=N-by-N cluster Verlet kernels
 RF=Reaction-Field  VdW=Van der Waals  QSTab=quadratic-spline table
 W3=SPC/TIP3p  W4=TIP4p (single or pairs)
 V&F=Potential and force  V=Potential only  F=Force only

 Computing:                               M-Number         M-Flops  % Flops
-----------------------------------------------------------------------------
 Pair Search distance check             277.686696        2499.180     0.7
 NxN RF Elec. + LJ [F]                  294.748736       11200.452     3.3
 NxN RF Elec. + LJ [V&F]                  3.001888         162.102     0.0
 NxN LJ [F]                            9681.068128      319475.248    93.9
 NxN LJ [V&F]                            98.750048        4246.252     1.2
 Shift-X                                  1.837571          11.025     0.0
 Bonds                                    4.090409         241.334     0.1
 Angles                                   5.250525         882.088     0.3
 Propers                                  0.680068         155.736     0.0
 Impropers                                0.100010          20.802     0.0
 Pos. Restr.                              1.180118          59.006     0.0
 Virial                                   2.953766          53.168     0.0
 Stop-CM                                  0.746742           7.467     0.0
 P-Coupling                               2.935721          17.614     0.0
 Calc-Ekin                               29.298642         791.063     0.2
 Lincs                                    2.520756         151.245     0.0
 Lincs-Mat                               39.011700         156.047     0.0
 Constraint-V                             5.041008          45.369     0.0
 Constraint-Vir                           0.101052           2.425     0.0
 Virtual Site N                           0.041608           0.624     0.0
-----------------------------------------------------------------------------
 Total                                                  340178.249   100.0
-----------------------------------------------------------------------------


      R E A L   C Y C L E   A N D   T I M E   A C C O U N T I N G

On 1 MPI rank

 Activity:              Num   Num      Call    Wall time         Giga-Cycles
                        Ranks Threads  Count      (s)         total sum    %
--------------------------------------------------------------------------------
 Vsite constr.             1    1      10001       0.001          0.003   0.0
 Neighbor search           1    1        251       0.540          2.048  10.1
 Force                     1    1      10001       4.473         16.974  83.3
 NB X/F buffer ops.        1    1      19751       0.113          0.428   2.1
 Vsite spread              1    1      10402       0.001          0.004   0.0
 Write traj.               1    1         11       0.015          0.059   0.3
 Update                    1    1      10001       0.051          0.192   0.9
 Constraints               1    1      10003       0.069          0.260   1.3
 Kinetic energy            1    1       4001       0.083          0.316   1.6
 Rest                                              0.024          0.090   0.4
--------------------------------------------------------------------------------
 Total                                             5.370         20.374 100.0
--------------------------------------------------------------------------------

NOTE: 10 % of the run time was spent in pair search,
      you might want to increase nstlist (this has no effect on accuracy)

               Core t (s)   Wall t (s)        (%)
       Time:        5.368        5.370      100.0
                 (ns/day)    (hour/ns)    (ms/step)  (Matom*steps/s) 
Performance:     1609.229        0.015        0.537           13.636 
Finished mdrun on rank 0 Sat Mar  7 16:56:04 2026

